[2026-05-26 22:29:41] Application started
[2026-05-26 22:29:50] Button clicked: Инженерное меню (Element TM5104 Modbus Checker)
[2026-05-26 22:29:54] Button clicked: 1
Test (Инженерное меню)
[2026-05-26 22:30:04] Excel settings save as selected: C:\Nikitin\Soft\Elemer_checker\channel_settings.xlsx
[2026-05-26 22:30:04] Channel settings saved to Excel: C:\Nikitin\Soft\Elemer_checker\channel_settings.xlsx
[2026-05-26 22:30:05] Button clicked: Сохранить Excel как... (Инженерное меню)
<<<<<<< HEAD
[2026-05-27 11:51:18] Application closing
=======
[2026-05-26 22:43:20] Application started
[2026-05-26 22:43:42] Button clicked: Инженерное меню (Element TM5104 Modbus Checker)
[2026-05-26 22:54:51] Button clicked: Инженерное меню (Element TM5104 Modbus Checker)
[2026-05-26 22:55:01] Excel settings load selected: D:\Project\CODE\Elemer_checker\channel_settings_true.xlsx
[2026-05-26 22:55:02] Channel settings loaded from Excel and saved to JSON: D:\Project\CODE\Elemer_checker\channel_settings_true.xlsx
[2026-05-26 22:55:04] Button clicked: Загрузить Excel (Инженерное меню)
[2026-05-26 22:55:05] Button clicked: 1
АБ Т6Т (Инженерное меню)
[2026-05-26 22:55:26] Button clicked: 3
ДТП 3 (Инженерное меню)
[2026-05-26 22:57:43] Application closing
>>>>>>> ab8a7be0925aa1ecfdab0ec8e07616130fd8950a
[2026-05-31 13:09:29] Application started
[2026-05-31 13:09:34] Button clicked: Включить эмулятор (Element TM5104 Modbus Checker - ЭМУЛЯТОР)
[2026-05-31 13:09:36] Button clicked: Эмулятор включен (Element TM5104 Modbus Checker - ЭМУЛЯТОР)
[2026-05-31 13:09:44] Button clicked: Start measurement (Element TM5104 Modbus Checker - ЭМУЛЯТОР)
[2026-05-31 13:10:50] Button clicked: Stop measurement (Element TM5104 Modbus Checker - ЭМУЛЯТОР)
[2026-05-31 13:11:03] Button clicked: Start measurement (Element TM5104 Modbus Checker - ЭМУЛЯТОР)
[2026-05-31 13:11:30] Button clicked: Stop measurement (Element TM5104 Modbus Checker - ЭМУЛЯТОР)
[2026-05-31 13:12:29] Button clicked: Start measurement (Element TM5104 Modbus Checker - ЭМУЛЯТОР)
[2026-05-31 13:15:44] Button clicked: Stop measurement (Element TM5104 Modbus Checker - ЭМУЛЯТОР)
[2026-05-31 13:15:45] Application closing
[2026-05-31 13:15:56] Application started
[2026-05-31 13:16:00] Button clicked: Stop measurement (Element TM5104 Modbus Checker - ЭМУЛЯТОР)
[2026-05-31 13:16:01] Button clicked: Start measurement (Element TM5104 Modbus Checker - ЭМУЛЯТОР)
[2026-05-31 13:20:33] Button clicked: Stop measurement (Element TM5104 Modbus Checker - ЭМУЛЯТОР)
[2026-05-31 13:20:41] Application closing
[2026-05-31 13:20:52] Application started
[2026-05-31 13:22:17] Button clicked: Stop measurement (Element TM5104 Modbus Checker - ЭМУЛЯТОР)
[2026-05-31 13:23:35] Button clicked: Инженерное меню (Element TM5104 Modbus Checker - ЭМУЛЯТОР)
[2026-05-31 13:23:37] Button clicked: 4
ДТП 4 (Инженерное меню)
[2026-05-31 13:23:49] Excel settings load selected: D:\Project\CODE\Elemer_checker\channel_settings_true.xlsx
[2026-05-31 13:23:49] Channel settings loaded from Excel and saved to JSON: D:\Project\CODE\Elemer_checker\channel_settings_true.xlsx
[2026-05-31 13:23:51] Button clicked: Загрузить Excel (Инженерное меню)
[2026-05-31 13:24:02] Application closing
[2026-05-31 13:24:10] Application started
[2026-05-31 13:24:12] Button clicked: Инженерное меню (Element TM5104 Modbus Checker)
[2026-05-31 13:24:16] Button clicked: 12
ДТП 12 (Инженерное меню)
[2026-05-31 13:24:27] Excel settings save as selected: D:\Project\CODE\Elemer_checker\channel_settings_true.xlsx
[2026-05-31 13:24:27] Channel settings saved to Excel: D:\Project\CODE\Elemer_checker\channel_settings_true.xlsx
[2026-05-31 13:24:28] Button clicked: Сохранить Excel как... (Инженерное меню)
[2026-05-31 13:24:30] Application closing
[2026-05-31 13:24:33] Application started
[2026-05-31 13:24:36] Button clicked: Инженерное меню (Element TM5104 Modbus Checker - ЭМУЛЯТОР)
[2026-05-31 13:24:39] Button clicked: Загрузить Excel (Инженерное меню)
[2026-05-31 13:24:41] Button clicked: Stop measurement (Element TM5104 Modbus Checker - ЭМУЛЯТОР)
[2026-05-31 13:24:44] Button clicked: Инженерное меню (Element TM5104 Modbus Checker - ЭМУЛЯТОР)
[2026-05-31 13:24:48] Excel settings load selected: D:\Project\CODE\Elemer_checker\channel_settings_true.xlsx
[2026-05-31 13:24:48] Channel settings loaded from Excel and saved to JSON: D:\Project\CODE\Elemer_checker\channel_settings_true.xlsx
[2026-05-31 13:24:50] Button clicked: Загрузить Excel (Инженерное меню)
[2026-05-31 13:24:51] Button clicked: 16
резерв ТР2Т (Инженерное меню)
[2026-05-31 13:24:57] Channel settings saved: Elemer 2, channel 16
[2026-05-31 13:24:57] Button clicked: Сохранить канал (Инженерное меню)
[2026-05-31 13:51:28] Button clicked: Start measurement (Element TM5104 Modbus Checker - ЭМУЛЯТОР)
[2026-05-31 14:09:19] Button clicked: Stop measurement (Element TM5104 Modbus Checker - ЭМУЛЯТОР)
[2026-05-31 14:09:21] Application closing
[2026-05-31 14:09:33] Application started
[2026-05-31 15:54:50] Application closing
[2026-05-31 15:55:00] Application started
[2026-05-31 16:13:04] Button clicked: Stop measurement (Element TM5104 Modbus Checker - ЭМУЛЯТОР)
[2026-05-31 16:13:06] Button clicked: Start measurement (Element TM5104 Modbus Checker - ЭМУЛЯТОР)
[2026-05-31 16:14:28] Button clicked: Stop measurement (Element TM5104 Modbus Checker - ЭМУЛЯТОР)
[2026-05-31 16:16:11] Button clicked: Start measurement (Element TM5104 Modbus Checker - ЭМУЛЯТОР)
[2026-05-31 16:16:27] Button clicked: Stop measurement (Element TM5104 Modbus Checker - ЭМУЛЯТОР)
[2026-05-31 16:16:28] Application closing
[2026-05-31 16:30:56] Application started
[2026-05-31 16:32:27] Button clicked: Stop measurement (Element TM5104 Modbus Checker - ЭМУЛЯТОР)
[2026-05-31 16:32:52] Button clicked: Инженерное меню (Element TM5104 Modbus Checker - ЭМУЛЯТОР)
[2026-05-31 16:32:57] Excel settings load selected: D:\Project\CODE\Elemer_checker\channel_settings_true.xlsx
[2026-05-31 16:32:57] Channel settings loaded from Excel and saved to JSON: D:\Project\CODE\Elemer_checker\channel_settings_true.xlsx
[2026-05-31 16:32:58] Button clicked: Загрузить Excel (Инженерное меню)
[2026-05-31 16:33:06] Button clicked: Start measurement (Element TM5104 Modbus Checker - ЭМУЛЯТОР)
[2026-05-31 16:40:49] Button clicked: Stop measurement (Element TM5104 Modbus Checker - ЭМУЛЯТОР)
[2026-05-31 16:47:24] Button clicked: Start measurement (Element TM5104 Modbus Checker - ЭМУЛЯТОР)
[2026-05-31 20:57:06] Button clicked: Stop measurement (Element TM5104 Modbus Checker - ЭМУЛЯТОР)
[2026-05-31 20:57:07] Application closing
[2026-05-31 20:58:47] Application started
[2026-05-31 21:09:25] Button clicked: Stop measurement (Element TM5104 Modbus Checker - ЭМУЛЯТОР)
[2026-05-31 21:09:28] Button clicked: Start measurement (Element TM5104 Modbus Checker - ЭМУЛЯТОР)
[2026-05-31 21:09:31] Button clicked: Stop measurement (Element TM5104 Modbus Checker - ЭМУЛЯТОР)
[2026-05-31 21:09:46] Button clicked: Start measurement (Element TM5104 Modbus Checker - ЭМУЛЯТОР)
[2026-05-31 21:19:23] Button clicked: Инженерное меню (Element TM5104 Modbus Checker - ЭМУЛЯТОР)
[2026-05-31 21:19:25] Button clicked: 1
АБ Т6Т (Инженерное меню)
[2026-05-31 21:21:55] Button clicked: 11
Т4Т (Инженерное меню)
[2026-05-31 21:21:58] Button clicked: 4
ДТП 4 (Инженерное меню)
[2026-05-31 21:22:00] Button clicked: 11
Т4Т (Инженерное меню)
[2026-05-31 21:22:02] Button clicked: 4
АФС-S Т16Т (Инженерное меню)
[2026-05-31 21:53:14] Application closing
[2026-05-31 22:00:50] Application started
[2026-05-31 22:06:58] Application closing
[2026-05-31 22:07:09] Application started
[2026-05-31 22:56:29] Button clicked: Инженерное меню (Element TM5104 Modbus Checker - ЭМУЛЯТОР)
[2026-06-01 10:58:33] Application started
[2026-06-01 10:58:36] Button clicked: Инженерное меню (Element TM5104 Modbus Checker - ЭМУЛЯТОР)
[2026-06-01 14:19:36] Button clicked: Stop measurement (Element TM5104 Modbus Checker - ЭМУЛЯТОР)
[2026-06-01 14:19:38] Application closing
[2026-06-01 14:45:03] Application started
[2026-06-01 15:03:52] Button clicked: Stop measurement (Element TM5104 Modbus Checker - ЭМУЛЯТОР)
[2026-06-01 15:06:07] Button clicked: Start measurement (Element TM5104 Modbus Checker - ЭМУЛЯТОР)
[2026-06-01 15:10:19] Button clicked: Stop measurement (Element TM5104 Modbus Checker - ЭМУЛЯТОР)
[2026-06-01 15:12:37] Button clicked: Start measurement (Element TM5104 Modbus Checker - ЭМУЛЯТОР)
[2026-06-01 15:14:38] Button clicked: Stop measurement (Element TM5104 Modbus Checker - ЭМУЛЯТОР)
[2026-06-01 15:14:38] Button clicked: Stop measurement (Element TM5104 Modbus Checker - ЭМУЛЯТОР)
[2026-06-02 09:30:30] Button clicked: Start measurement (Element TM5104 Modbus Checker - ЭМУЛЯТОР)
[2026-06-02 10:01:20] Application started
[2026-06-02 11:19:21] Button clicked: Инженерное меню (Element TM5104 Modbus Checker - ЭМУЛЯТОР)
[2026-06-02 11:19:25] Button clicked: Загрузить Excel (Инженерное меню)
[2026-06-02 11:19:27] Button clicked: Stop measurement (Element TM5104 Modbus Checker - ЭМУЛЯТОР)
[2026-06-02 11:19:33] Button clicked: Инженерное меню (Element TM5104 Modbus Checker - ЭМУЛЯТОР)
[2026-06-02 11:19:37] Excel settings load selected: C:\Nikitin\Soft\Elemer_checker\channel_settings_true.xlsx
[2026-06-02 11:19:37] Channel settings loaded from Excel and saved to JSON: C:\Nikitin\Soft\Elemer_checker\channel_settings_true.xlsx
[2026-06-02 11:19:38] Button clicked: Загрузить Excel (Инженерное меню)
[2026-06-02 11:19:45] Button clicked: Start measurement (Element TM5104 Modbus Checker - ЭМУЛЯТОР)
[2026-06-02 11:46:05] Button clicked: Stop measurement (Element TM5104 Modbus Checker - ЭМУЛЯТОР)
[2026-06-02 11:53:04] Application closing
[2026-06-02 11:53:12] Application started
[2026-06-02 12:24:40] Application closing
[2026-06-02 12:24:43] Application started
[2026-06-02 12:29:27] Button clicked: Stop measurement (Element TM5104 Modbus Checker - ЭМУЛЯТОР)
[2026-06-02 12:31:25] Application closing
[2026-06-02 12:31:32] Application started
[2026-06-02 13:14:05] Button clicked: Stop measurement (Element TM5104 Modbus Checker - ЭМУЛЯТОР)
[2026-06-02 13:16:00] Button clicked: Start measurement (Element TM5104 Modbus Checker - ЭМУЛЯТОР)
[2026-06-02 13:16:09] Button clicked: Stop measurement (Element TM5104 Modbus Checker - ЭМУЛЯТОР)
[2026-06-02 13:16:54] Button clicked: Start measurement (Element TM5104 Modbus Checker - ЭМУЛЯТОР)
[2026-06-02 13:17:04] Button clicked: Stop measurement (Element TM5104 Modbus Checker - ЭМУЛЯТОР)
[2026-06-02 13:17:10] Application closing
[2026-06-02 14:54:56] Application started
[2026-06-02 14:55:03] Grafana dashboard opened: http://localhost:3001/d/ad2g4b7
[2026-06-02 14:55:03] Button clicked: Схема ТД (Element TM5104 Modbus Checker)
[2026-06-02 14:55:11] Grafana dashboard opened: http://localhost:3001/d/ad2g4bz
[2026-06-02 14:55:11] Button clicked: Схема ДТП (Element TM5104 Modbus Checker)
[2026-06-02 14:55:16] Grafana dashboard opened: http://localhost:3001/d/adk6mdc
[2026-06-02 14:55:16] Button clicked: Графики ТД (Element TM5104 Modbus Checker)
[2026-06-02 14:55:18] Grafana dashboard opened: http://localhost:3001/d/adk6m4
[2026-06-02 14:55:18] Button clicked: Графики ДТП (Element TM5104 Modbus Checker)
[2026-06-02 14:55:26] Application closing
[2026-06-02 15:07:21] Application started
[2026-06-02 15:07:26] Grafana dashboard opened: http://localhost:3001/d/ad2g4b7
[2026-06-02 15:07:26] Button clicked: Схема ТД (Element TM5104 Modbus Checker - ЭМУЛЯТОР)
[2026-06-02 15:07:35] Grafana dashboard opened: http://localhost:3001/d/ad2g4bz
[2026-06-02 15:07:35] Button clicked: Схема ДТП (Element TM5104 Modbus Checker - ЭМУЛЯТОР)
[2026-06-02 15:07:36] Grafana dashboard opened: http://localhost:3001/d/adk6mdc
[2026-06-02 15:07:36] Button clicked: Графики ТД (Element TM5104 Modbus Checker - ЭМУЛЯТОР)
[2026-06-02 15:07:36] Grafana dashboard opened: http://localhost:3001/d/adk6m4
[2026-06-02 15:07:36] Button clicked: Графики ДТП (Element TM5104 Modbus Checker - ЭМУЛЯТОР)
[2026-06-02 15:14:16] Button clicked: Stop measurement (Element TM5104 Modbus Checker - ЭМУЛЯТОР)
[2026-06-02 15:15:19] Button clicked: Start measurement (Element TM5104 Modbus Checker - ЭМУЛЯТОР)
[2026-06-02 15:15:23] Button clicked: Stop measurement (Element TM5104 Modbus Checker - ЭМУЛЯТОР)
[2026-06-02 15:31:02] Button clicked: Start measurement (Element TM5104 Modbus Checker - ЭМУЛЯТОР)
[2026-06-02 15:31:03] Grafana dashboard opened: http://localhost:3001/d/ad2g4b7
[2026-06-02 15:31:03] Button clicked: Схема ТД (Element TM5104 Modbus Checker - ЭМУЛЯТОР)
[2026-06-02 15:31:06] Grafana dashboard opened: http://localhost:3001/d/ad2g4bz
[2026-06-02 15:31:06] Button clicked: Схема ДТП (Element TM5104 Modbus Checker - ЭМУЛЯТОР)
[2026-06-02 15:31:07] Grafana dashboard opened: http://localhost:3001/d/adk6mdc
[2026-06-02 15:31:07] Button clicked: Графики ТД (Element TM5104 Modbus Checker - ЭМУЛЯТОР)
[2026-06-02 15:31:07] Grafana dashboard opened: http://localhost:3001/d/adk6m4
[2026-06-02 15:31:07] Button clicked: Графики ДТП (Element TM5104 Modbus Checker - ЭМУЛЯТОР)
[2026-06-03 10:40:39] Application closing
[2026-06-08 11:25:58] Application started
[2026-06-08 11:32:48] Application closing
[2026-06-08 11:32:51] Application started
[2026-06-08 11:33:04] Application closing
[2026-06-08 11:34:13] Application started
[2026-06-08 11:41:30] Application closing
[2026-06-08 11:41:33] Application started
[2026-06-08 15:31:22] Button clicked: Stop measurement (Element TM5104 Modbus Checker - ЭМУЛЯТОР)
[2026-06-08 15:38:49] Application closing
[2026-06-08 15:38:53] Приложение запущено
[2026-06-08 15:38:58] Нажата кнопка: Включить эмулятор (Проверка Modbus Элемер TM5104 - ЭМУЛЯТОР)
[2026-06-08 15:39:01] Нажата кнопка: Настройки (Проверка Modbus Элемер TM5104 - ЭМУЛЯТОР)
[2026-06-08 15:39:04] Приложение закрывается
[2026-06-08 15:39:09] Приложение запущено
[2026-06-08 15:39:12] Нажата кнопка: Настройки (Проверка Modbus Элемер TM5104)
[2026-06-08 15:39:18] Нажата кнопка: Инженерное меню (Проверка Modbus Элемер TM5104)
[2026-06-08 15:39:23] Нажата кнопка: Настройки (Проверка Modbus Элемер TM5104)
[2026-06-08 15:39:58] Нажата кнопка: Действия пользователя (Проверка Modbus Элемер TM5104)
[2026-06-08 15:40:08] Нажата кнопка: Настройки (Проверка Modbus Элемер TM5104)
[2026-06-08 15:40:14] Нажата кнопка: Настройки (Проверка Modbus Элемер TM5104)
[2026-06-08 16:06:29] Приложение закрывается
[2026-06-08 16:06:32] Приложение запущено
[2026-06-08 16:06:33] Нажата кнопка: Настройки (Проверка Modbus Элемер TM5104)
[2026-06-08 16:06:38] Настройки сохранены и применены
[2026-06-08 16:06:39] Нажата кнопка: Сохранить настройки (Настройки)
[2026-06-08 16:06:42] Нажата кнопка: Настройки (Проверка Modbus Элемер TM5104)
[2026-06-08 16:06:48] Нажата кнопка: Настройки (Проверка Modbus Элемер TM5104)
[2026-06-08 16:06:55] Приложение закрывается
[2026-06-08 16:06:57] Приложение запущено
[2026-06-08 16:06:58] Нажата кнопка: Настройки (Проверка Modbus Элемер TM5104)
[2026-06-08 16:07:05] Приложение закрывается
[2026-06-08 16:07:07] Приложение запущено
[2026-06-08 16:07:08] Нажата кнопка: Настройки (Проверка Modbus Элемер TM5104)
[2026-06-08 16:08:08] Приложение закрывается
[2026-06-08 16:11:12] Приложение запущено
[2026-06-08 16:11:14] Нажата кнопка: Настройки (Проверка Modbus Элемер TM5104)
[2026-06-08 16:11:19] Нажата кнопка: Настройки (Проверка Modbus Элемер TM5104)
[2026-06-08 16:11:22] Настройки сохранены и применены
[2026-06-08 16:11:23] Нажата кнопка: Сохранить настройки (Настройки)
[2026-06-08 16:11:25] Нажата кнопка: Настройки (Проверка Modbus Элемер TM5104)
[2026-06-08 16:11:30] Нажата кнопка: Настройки (Проверка Modbus Элемер TM5104)
[2026-06-08 16:11:33] Настройки сохранены и применены
[2026-06-08 16:11:34] Нажата кнопка: Сохранить настройки (Настройки)
[2026-06-08 16:14:03] Приложение закрывается
[2026-06-08 16:16:13] Приложение запущено
[2026-06-08 16:16:17] Период автоопроса выбран: 100 мс
[2026-06-08 16:16:19] Приложение закрывается
[2026-06-08 16:16:23] Приложение запущено
[2026-06-08 16:16:28] Период автоопроса выбран: 1 с
[2026-06-08 16:16:34] Период автоопроса выбран: 100 мс
[2026-06-08 16:16:41] Период автоопроса выбран: 500 мс
[2026-06-08 16:16:44] Нажата кнопка: Остановить измерение (Проверка Modbus Элемер TM5104 - ЭМУЛЯТОР)
[2026-06-08 16:17:08] Нажата кнопка: Начать измерение (Проверка Modbus Элемер TM5104 - ЭМУЛЯТОР)
[2026-06-08 16:17:22] Период автоопроса выбран: 1 с
[2026-06-08 16:17:36] Нажата кнопка: Остановить измерение (Проверка Modbus Элемер TM5104 - ЭМУЛЯТОР)
[2026-06-08 17:07:38] Приложение закрывается
[2026-06-09 08:45:04] Приложение запущено
[2026-06-09 11:29:24] Период автоопроса выбран: 2 с
[2026-06-09 11:29:28] Период автоопроса выбран: 100 мс
[2026-06-09 11:29:31] Период автоопроса выбран: 500 мс
[2026-06-09 11:29:33] Нажата кнопка: Остановить измерение (Проверка Modbus Элемер TM5104 - ЭМУЛЯТОР)
[2026-06-09 11:29:55] Приложение закрывается
[2026-06-09 14:34:21] Приложение запущено
[2026-06-09 15:26:16] Приложение закрывается
[2026-06-09 15:26:22] Приложение запущено
[2026-06-09 15:47:59] Приложение закрывается
[2026-06-09 15:49:46] Приложение запущено
[2026-06-10 09:35:04] Grafana dashboard opened: http://localhost:3001/d/ad2g4b7?orgId=1&from=now-15m&to=now&refresh=1s
[2026-06-10 09:35:04] Нажата кнопка: Схема ТД (Проверка Modbus Элемер TM5104 - ЭМУЛЯТОР)
[2026-06-10 09:35:09] Grafana dashboard opened: http://localhost:3001/d/ad2g4bz?orgId=1&from=now-15m&to=now&refresh=1s
[2026-06-10 09:35:09] Нажата кнопка: Схема ДТП (Проверка Modbus Элемер TM5104 - ЭМУЛЯТОР)
[2026-06-10 09:35:10] Grafana dashboard opened: http://localhost:3001/d/adk6mdc?orgId=1&from=now-15m&to=now&refresh=1s
[2026-06-10 09:35:10] Нажата кнопка: Графики ТД (Проверка Modbus Элемер TM5104 - ЭМУЛЯТОР)
[2026-06-10 09:35:10] Grafana dashboard opened: http://localhost:3001/d/adk6m4?orgId=1&from=now-15m&to=now&refresh=1s
[2026-06-10 09:35:10] Нажата кнопка: Графики ДТП (Проверка Modbus Элемер TM5104 - ЭМУЛЯТОР)
[2026-06-10 13:08:25] Приложение закрывается
[2026-06-10 13:10:28] Приложение запущено
[2026-06-10 13:24:06] Приложение закрывается
[2026-06-10 13:24:08] Приложение запущено
[2026-06-10 13:24:10] Grafana dashboard opened: http://localhost:3001/d/ad2g4b7?orgId=1&from=now-15m&to=now&refresh=1s
[2026-06-10 13:24:10] Grafana dashboard opened: http://localhost:3001/d/adk6mdc?orgId=1&from=now-15m&to=now&refresh=1s
[2026-06-10 13:24:10] Grafana dashboard opened: http://localhost:3001/d/td-speeds?orgId=1&from=now-15m&to=now&refresh=1s
[2026-06-10 13:24:10] Grafana dashboard opened: http://localhost:3001/d/ad2g4bz?orgId=1&from=now-15m&to=now&refresh=1s
[2026-06-10 13:24:10] Grafana dashboard opened: http://localhost:3001/d/adk6m4?orgId=1&from=now-15m&to=now&refresh=1s
[2026-06-10 13:24:10] Grafana dashboard opened: http://localhost:3001/d/dtp-speeds?orgId=1&from=now-15m&to=now&refresh=1s
[2026-06-10 13:24:10] Нажата кнопка: Открыть все графики (Проверка Modbus Элемер TM5104 - ЭМУЛЯТОР)
[2026-06-10 13:51:43] Приложение закрывается
[2026-06-11 08:47:29] Приложение запущено
[2026-06-11 08:47:36] Grafana dashboard opened: http://localhost:3001/d/td-speeds?orgId=1&from=now-15m&to=now&refresh=1s
[2026-06-11 08:47:36] Нажата кнопка: Скорости ТД (Проверка Modbus Элемер TM5104 - ЭМУЛЯТОР)
[2026-06-11 08:48:26] Grafana dashboard opened: http://localhost:3001/d/dtp-speeds?orgId=1&from=now-15m&to=now&refresh=1s
[2026-06-11 08:48:26] Нажата кнопка: Скорости ДТП (Проверка Modbus Элемер TM5104 - ЭМУЛЯТОР)
[2026-06-11 08:48:36] Grafana dashboard opened: http://localhost:3001/d/adk6m4?orgId=1&from=now-15m&to=now&refresh=1s
[2026-06-11 08:48:36] Нажата кнопка: Графики ДТП (Проверка Modbus Элемер TM5104 - ЭМУЛЯТОР)
[2026-06-11 08:48:44] Grafana dashboard opened: http://localhost:3001/d/ad2g4bz?orgId=1&from=now-15m&to=now&refresh=1s
[2026-06-11 08:48:44] Нажата кнопка: Схема ДТП (Проверка Modbus Элемер TM5104 - ЭМУЛЯТОР)
[2026-06-11 10:02:31] Приложение запущено
[2026-06-11 14:26:27] Приложение закрывается
[2026-06-16 15:04:24] Приложение запущено
[2026-06-16 15:04:28] Нажата кнопка: Расчет скорости (Проверка Modbus Элемер TM5104 - ЭМУЛЯТОР)
[2026-06-16 15:04:58] Приложение закрывается
[2026-06-17 09:30:50] Приложение запущено
[2026-06-17 09:30:53] Grafana dashboard opened: http://localhost:3001/d/td-speeds?orgId=1&from=now-15m&to=now&refresh=1s
[2026-06-17 09:30:53] Нажата кнопка: Скорости ТД (Проверка Modbus Элемер TM5104 - ЭМУЛЯТОР)
[2026-06-17 09:31:32] Grafana dashboard opened: http://localhost:3001/d/adk6mdc?orgId=1&from=now-15m&to=now&refresh=1s
[2026-06-17 09:31:32] Нажата кнопка: Графики ТД (Проверка Modbus Элемер TM5104 - ЭМУЛЯТОР)
[2026-06-17 09:49:32] Grafana dashboard opened: http://localhost:3001/d/ad2g4b7?orgId=1&from=now-15m&to=now&refresh=1s
[2026-06-17 09:49:32] Нажата кнопка: Схема ТД (Проверка Modbus Элемер TM5104 - ЭМУЛЯТОР)
[2026-06-17 10:13:28] Grafana dashboard opened: http://localhost:3001/d/dtp-speeds?orgId=1&from=now-15m&to=now&refresh=1s
[2026-06-17 10:13:28] Нажата кнопка: Скорости ДТП (Проверка Modbus Элемер TM5104 - ЭМУЛЯТОР)
[2026-06-17 10:24:03] Grafana dashboard opened: http://localhost:3001/d/adk6m4?orgId=1&from=now-15m&to=now&refresh=1s
[2026-06-17 10:24:03] Нажата кнопка: Графики ДТП (Проверка Modbus Элемер TM5104 - ЭМУЛЯТОР)
[2026-06-17 10:56:50] Приложение закрывается
[2026-06-18 14:49:55] Приложение запущено
[2026-06-18 14:50:09] Нажата кнопка: Расчет скорости (Проверка Modbus Элемер TM5104 - ЭМУЛЯТОР)
[2026-06-18 14:50:15] Настройки расчета скорости сохранены
[2026-06-18 14:50:16] Нажата кнопка: Сохранить (Настройки расчета скорости)
[2026-06-18 14:50:20] Grafana dashboard opened: http://localhost:3001/d/td-speeds?orgId=1&from=now-15m&to=now&refresh=1s
[2026-06-18 14:50:20] Нажата кнопка: Скорости ТД (Проверка Modbus Элемер TM5104 - ЭМУЛЯТОР)
[2026-06-18 14:50:24] Grafana dashboard opened: http://localhost:3001/d/adk6mdc?orgId=1&from=now-15m&to=now&refresh=1s
[2026-06-18 14:50:24] Нажата кнопка: Графики ТД (Проверка Modbus Элемер TM5104 - ЭМУЛЯТОР)
[2026-06-18 14:51:51] Нажата кнопка: Расчет скорости (Проверка Modbus Элемер TM5104 - ЭМУЛЯТОР)
[2026-06-18 14:51:53] Настройки расчета скорости сохранены
[2026-06-18 14:51:54] Нажата кнопка: Сохранить (Настройки расчета скорости)
[2026-06-18 15:04:28] Нажата кнопка: Действия пользователя (Проверка Modbus Элемер TM5104 - ЭМУЛЯТОР)
[2026-06-18 15:04:32] Нажата кнопка: Журнал (Проверка Modbus Элемер TM5104 - ЭМУЛЯТОР)
[2026-06-18 15:04:42] Нажата кнопка: Остановить измерение (Проверка Modbus Элемер TM5104 - ЭМУЛЯТОР)
[2026-06-18 15:04:43] Приложение закрывается
[2026-06-19 14:09:29] Приложение запущено
[2026-06-19 14:09:32] Нажата кнопка: Инженерное меню (Проверка Modbus Элемер TM5104 - ЭМУЛЯТОР)
[2026-06-19 14:09:35] Нажата кнопка: 3
АРК Т8Т (Инженерное меню)
[2026-06-19 14:09:56] Grafana dashboard opened: http://localhost:3001/d/adk6mdc?orgId=1&from=now-15m&to=now&refresh=1s
[2026-06-19 14:09:56] Нажата кнопка: Графики ТД (Проверка Modbus Элемер TM5104 - ЭМУЛЯТОР)
[2026-06-19 14:11:10] Нажата кнопка: Инженерное меню (Проверка Modbus Элемер TM5104 - ЭМУЛЯТОР)
[2026-06-19 14:11:11] Нажата кнопка: 4
АРК Т9Т (Инженерное меню)
[2026-06-19 14:16:34] Нажата кнопка: Инженерное меню (Проверка Modbus Элемер TM5104 - ЭМУЛЯТОР)
[2026-06-19 14:16:35] Нажата кнопка: 3
АРК Т8Т (Инженерное меню)
[2026-06-19 14:25:07] Приложение закрывается
[2026-06-19 14:25:11] Приложение запущено
[2026-06-19 14:26:01] Нажата кнопка: Расчет скорости (Проверка Modbus Элемер TM5104 - ЭМУЛЯТОР)
[2026-06-19 14:26:04] Нажата кнопка: Инженерное меню (Проверка Modbus Элемер TM5104 - ЭМУЛЯТОР)
[2026-06-19 14:26:07] Нажата кнопка: 1
АБ Т6Т (Инженерное меню)
[2026-06-19 14:26:18] Настройки канала сохранены: Элемер 1, канал 1
[2026-06-19 14:26:18] Нажата кнопка: Сохранить канал (Инженерное меню)
[2026-06-19 14:26:35] Grafana dashboard opened: http://localhost:3001/d/adk6mdc?orgId=1&from=now-15m&to=now&refresh=1s
[2026-06-19 14:26:35] Нажата кнопка: Графики ТД (Проверка Modbus Элемер TM5104 - ЭМУЛЯТОР)
[2026-06-19 14:27:30] Grafana dashboard opened: http://localhost:3001/d/ad2g4b7?orgId=1&from=now-15m&to=now&refresh=1s
[2026-06-19 14:27:30] Нажата кнопка: Схема ТД (Проверка Modbus Элемер TM5104 - ЭМУЛЯТОР)
[2026-06-19 14:30:41] Приложение закрывается
[2026-06-19 14:30:47] Приложение запущено
[2026-06-19 14:31:08] Нажата кнопка: Инженерное меню (Проверка Modbus Элемер TM5104 - ЭМУЛЯТОР)
[2026-06-19 14:31:09] Нажата кнопка: 1
АБ Т6Т (Инженерное меню)
[2026-06-19 14:31:16] Настройки канала сохранены: Элемер 1, канал 1
[2026-06-19 14:31:16] Нажата кнопка: Сохранить канал (Инженерное меню)
[2026-06-19 14:32:38] Нажата кнопка: Инженерное меню (Проверка Modbus Элемер TM5104 - ЭМУЛЯТОР)
[2026-06-19 14:32:42] Нажата кнопка: Загрузить Excel (Инженерное меню)
[2026-06-19 14:32:47] Нажата кнопка: Остановить измерение (Проверка Modbus Элемер TM5104 - ЭМУЛЯТОР)
[2026-06-19 14:32:54] Выбран Excel для загрузки: C:\Nikitin\Soft\Elemer_checker\channel_settings_true_test_minus.xlsx
[2026-06-19 14:32:54] Настройки каналов загружены из Excel и сохранены в JSON: C:\Nikitin\Soft\Elemer_checker\channel_settings_true_test_minus.xlsx
[2026-06-19 14:32:55] Нажата кнопка: Загрузить Excel (Инженерное меню)
[2026-06-19 14:32:57] Нажата кнопка: 3
АРК Т8Т (Инженерное меню)
[2026-06-19 14:33:06] Нажата кнопка: Начать измерение (Проверка Modbus Элемер TM5104 - ЭМУЛЯТОР)
[2026-06-19 14:39:50] Нажата кнопка: Инженерное меню (Проверка Modbus Элемер TM5104 - ЭМУЛЯТОР)
[2026-06-19 14:39:55] Нажата кнопка: Загрузить Excel (Инженерное меню)
[2026-06-19 14:39:59] Нажата кнопка: Остановить измерение (Проверка Modbus Элемер TM5104 - ЭМУЛЯТОР)
[2026-06-19 14:40:05] Выбран Excel для загрузки: C:\Nikitin\Soft\Elemer_checker\channel_settings_true_test_minus.xlsx
[2026-06-19 14:40:05] Настройки каналов загружены из Excel и сохранены в JSON: C:\Nikitin\Soft\Elemer_checker\channel_settings_true_test_minus.xlsx
[2026-06-19 14:40:06] Нажата кнопка: Загрузить Excel (Инженерное меню)
[2026-06-19 14:40:10] Нажата кнопка: Начать измерение (Проверка Modbus Элемер TM5104 - ЭМУЛЯТОР)
[2026-06-19 14:49:50] Приложение закрывается
